Archive member included to satisfy reference by file (symbol)

f:/stm32cubeide_1.3.0/stm32cubeide_1.5.0/stm32cubeide/plugins/com.st.stm32cube.ide.mcu.externaltools.gnu-tools-for-stm32.7-2018-q2-update.win32_1.5.0.202011040924/tools/bin/../lib/gcc/arm-none-eabi/7.3.1/../../../../arm-none-eabi/lib/thumb/v7e-m/fpv5/hard\libc_nano.a(lib_a-errno.o)
                              Core/Src/syscalls.o (__errno)
f:/stm32cubeide_1.3.0/stm32cubeide_1.5.0/stm32cubeide/plugins/com.st.stm32cube.ide.mcu.externaltools.gnu-tools-for-stm32.7-2018-q2-update.win32_1.5.0.202011040924/tools/bin/../lib/gcc/arm-none-eabi/7.3.1/../../../../arm-none-eabi/lib/thumb/v7e-m/fpv5/hard\libc_nano.a(lib_a-exit.o)
                              f:/stm32cubeide_1.3.0/stm32cubeide_1.5.0/stm32cubeide/plugins/com.st.stm32cube.ide.mcu.externaltools.gnu-tools-for-stm32.7-2018-q2-update.win32_1.5.0.202011040924/tools/bin/../lib/gcc/arm-none-eabi/7.3.1/../../../../arm-none-eabi/lib/thumb/v7e-m/fpv5/hard/crt0.o (exit)
f:/stm32cubeide_1.3.0/stm32cubeide_1.5.0/stm32cubeide/plugins/com.st.stm32cube.ide.mcu.externaltools.gnu-tools-for-stm32.7-2018-q2-update.win32_1.5.0.202011040924/tools/bin/../lib/gcc/arm-none-eabi/7.3.1/../../../../arm-none-eabi/lib/thumb/v7e-m/fpv5/hard\libc_nano.a(lib_a-impure.o)
                              f:/stm32cubeide_1.3.0/stm32cubeide_1.5.0/stm32cubeide/plugins/com.st.stm32cube.ide.mcu.externaltools.gnu-tools-for-stm32.7-2018-q2-update.win32_1.5.0.202011040924/tools/bin/../lib/gcc/arm-none-eabi/7.3.1/../../../../arm-none-eabi/lib/thumb/v7e-m/fpv5/hard\libc_nano.a(lib_a-exit.o) (_global_impure_ptr)
f:/stm32cubeide_1.3.0/stm32cubeide_1.5.0/stm32cubeide/plugins/com.st.stm32cube.ide.mcu.externaltools.gnu-tools-for-stm32.7-2018-q2-update.win32_1.5.0.202011040924/tools/bin/../lib/gcc/arm-none-eabi/7.3.1/../../../../arm-none-eabi/lib/thumb/v7e-m/fpv5/hard\libc_nano.a(lib_a-init.o)
                              f:/stm32cubeide_1.3.0/stm32cubeide_1.5.0/stm32cubeide/plugins/com.st.stm32cube.ide.mcu.externaltools.gnu-tools-for-stm32.7-2018-q2-update.win32_1.5.0.202011040924/tools/bin/../lib/gcc/arm-none-eabi/7.3.1/../../../../arm-none-eabi/lib/thumb/v7e-m/fpv5/hard/crt0.o (__libc_init_array)
f:/stm32cubeide_1.3.0/stm32cubeide_1.5.0/stm32cubeide/plugins/com.st.stm32cube.ide.mcu.externaltools.gnu-tools-for-stm32.7-2018-q2-update.win32_1.5.0.202011040924/tools/bin/../lib/gcc/arm-none-eabi/7.3.1/../../../../arm-none-eabi/lib/thumb/v7e-m/fpv5/hard\libc_nano.a(lib_a-memset.o)
                              f:/stm32cubeide_1.3.0/stm32cubeide_1.5.0/stm32cubeide/plugins/com.st.stm32cube.ide.mcu.externaltools.gnu-tools-for-stm32.7-2018-q2-update.win32_1.5.0.202011040924/tools/bin/../lib/gcc/arm-none-eabi/7.3.1/../../../../arm-none-eabi/lib/thumb/v7e-m/fpv5/hard/crt0.o (memset)
f:/stm32cubeide_1.3.0/stm32cubeide_1.5.0/stm32cubeide/plugins/com.st.stm32cube.ide.mcu.externaltools.gnu-tools-for-stm32.7-2018-q2-update.win32_1.5.0.202011040924/tools/bin/../lib/gcc/arm-none-eabi/7.3.1/thumb/v7e-m/fpv5/hard\libgcc.a(_aeabi_uldivmod.o)
                              Drivers/STM32F7xx_HAL_Driver/Src/stm32f7xx_hal_rcc.o (__aeabi_uldivmod)
f:/stm32cubeide_1.3.0/stm32cubeide_1.5.0/stm32cubeide/plugins/com.st.stm32cube.ide.mcu.externaltools.gnu-tools-for-stm32.7-2018-q2-update.win32_1.5.0.202011040924/tools/bin/../lib/gcc/arm-none-eabi/7.3.1/thumb/v7e-m/fpv5/hard\libgcc.a(_udivmoddi4.o)
                              f:/stm32cubeide_1.3.0/stm32cubeide_1.5.0/stm32cubeide/plugins/com.st.stm32cube.ide.mcu.externaltools.gnu-tools-for-stm32.7-2018-q2-update.win32_1.5.0.202011040924/tools/bin/../lib/gcc/arm-none-eabi/7.3.1/thumb/v7e-m/fpv5/hard\libgcc.a(_aeabi_uldivmod.o) (__udivmoddi4)
f:/stm32cubeide_1.3.0/stm32cubeide_1.5.0/stm32cubeide/plugins/com.st.stm32cube.ide.mcu.externaltools.gnu-tools-for-stm32.7-2018-q2-update.win32_1.5.0.202011040924/tools/bin/../lib/gcc/arm-none-eabi/7.3.1/thumb/v7e-m/fpv5/hard\libgcc.a(_dvmd_tls.o)
                              f:/stm32cubeide_1.3.0/stm32cubeide_1.5.0/stm32cubeide/plugins/com.st.stm32cube.ide.mcu.externaltools.gnu-tools-for-stm32.7-2018-q2-update.win32_1.5.0.202011040924/tools/bin/../lib/gcc/arm-none-eabi/7.3.1/thumb/v7e-m/fpv5/hard\libgcc.a(_aeabi_uldivmod.o) (__aeabi_ldiv0)

Allocating common symbols
Common symbol       size              file

huart3              0x80              Core/Src/main.o
hpcd_USB_OTG_FS     0x404             Core/Src/main.o
uwTick              0x4               Drivers/STM32F7xx_HAL_Driver/Src/stm32f7xx_hal.o
pFlash              0x1c              Drivers/STM32F7xx_HAL_Driver/Src/stm32f7xx_hal_flash.o
huart2              0x80              Core/Src/main.o
heth                0x48              Core/Src/main.o

Discarded input sections

[...]
Memory Configuration

Name             Origin             Length             Attributes
RAM              0x0000000020000000 0x0000000000080000 xrw
FLASH            0x0000000008000000 0x0000000000200000 xr
*default*        0x0000000000000000 0xffffffffffffffff

Linker script and memory map

LOAD f:/stm32cubeide_1.3.0/stm32cubeide_1.5.0/stm32cubeide/plugins/com.st.stm32cube.ide.mcu.externaltools.gnu-tools-for-stm32.7-2018-q2-update.win32_1.5.0.202011040924/tools/bin/../lib/gcc/arm-none-eabi/7.3.1/thumb/v7e-m/fpv5/hard/crti.o
LOAD f:/stm32cubeide_1.3.0/stm32cubeide_1.5.0/stm32cubeide/plugins/com.st.stm32cube.ide.mcu.externaltools.gnu-tools-for-stm32.7-2018-q2-update.win32_1.5.0.202011040924/tools/bin/../lib/gcc/arm-none-eabi/7.3.1/thumb/v7e-m/fpv5/hard/crtbegin.o
LOAD f:/stm32cubeide_1.3.0/stm32cubeide_1.5.0/stm32cubeide/plugins/com.st.stm32cube.ide.mcu.externaltools.gnu-tools-for-stm32.7-2018-q2-update.win32_1.5.0.202011040924/tools/bin/../lib/gcc/arm-none-eabi/7.3.1/../../../../arm-none-eabi/lib/thumb/v7e-m/fpv5/hard/crt0.o
LOAD Core/Src/main.o
LOAD Core/Src/stm32f7xx_hal_msp.o
LOAD Core/Src/stm32f7xx_it.o
LOAD Core/Src/syscalls.o
LOAD Core/Src/sysmem.o
LOAD Core/Src/system_stm32f7xx.o
LOAD Core/Startup/startup_stm32f767zitx.o
LOAD Drivers/STM32F7xx_HAL_Driver/Src/stm32f7xx_hal.o
LOAD Drivers/STM32F7xx_HAL_Driver/Src/stm32f7xx_hal_cortex.o
LOAD Drivers/STM32F7xx_HAL_Driver/Src/stm32f7xx_hal_dma.o
LOAD Drivers/STM32F7xx_HAL_Driver/Src/stm32f7xx_hal_dma_ex.o
LOAD Drivers/STM32F7xx_HAL_Driver/Src/stm32f7xx_hal_eth.o
LOAD Drivers/STM32F7xx_HAL_Driver/Src/stm32f7xx_hal_exti.o
LOAD Drivers/STM32F7xx_HAL_Driver/Src/stm32f7xx_hal_flash.o
LOAD Drivers/STM32F7xx_HAL_Driver/Src/stm32f7xx_hal_flash_ex.o
LOAD Drivers/STM32F7xx_HAL_Driver/Src/stm32f7xx_hal_gpio.o
LOAD Drivers/STM32F7xx_HAL_Driver/Src/stm32f7xx_hal_i2c.o
LOAD Drivers/STM32F7xx_HAL_Driver/Src/stm32f7xx_hal_i2c_ex.o
LOAD Drivers/STM32F7xx_HAL_Driver/Src/stm32f7xx_hal_pcd.o
LOAD Drivers/STM32F7xx_HAL_Driver/Src/stm32f7xx_hal_pcd_ex.o
LOAD Drivers/STM32F7xx_HAL_Driver/Src/stm32f7xx_hal_pwr.o
LOAD Drivers/STM32F7xx_HAL_Driver/Src/stm32f7xx_hal_pwr_ex.o
LOAD Drivers/STM32F7xx_HAL_Driver/Src/stm32f7xx_hal_rcc.o
LOAD Drivers/STM32F7xx_HAL_Driver/Src/stm32f7xx_hal_rcc_ex.o
LOAD Drivers/STM32F7xx_HAL_Driver/Src/stm32f7xx_hal_tim.o
LOAD Drivers/STM32F7xx_HAL_Driver/Src/stm32f7xx_hal_tim_ex.o
LOAD Drivers/STM32F7xx_HAL_Driver/Src/stm32f7xx_hal_uart.o
LOAD Drivers/STM32F7xx_HAL_Driver/Src/stm32f7xx_hal_uart_ex.o
LOAD Drivers/STM32F7xx_HAL_Driver/Src/stm32f7xx_ll_usb.o
START GROUP
LOAD f:/stm32cubeide_1.3.0/stm32cubeide_1.5.0/stm32cubeide/plugins/com.st.stm32cube.ide.mcu.externaltools.gnu-tools-for-stm32.7-2018-q2-update.win32_1.5.0.202011040924/tools/bin/../lib/gcc/arm-none-eabi/7.3.1/../../../../arm-none-eabi/lib/thumb/v7e-m/fpv5/hard\libc_nano.a
LOAD f:/stm32cubeide_1.3.0/stm32cubeide_1.5.0/stm32cubeide/plugins/com.st.stm32cube.ide.mcu.externaltools.gnu-tools-for-stm32.7-2018-q2-update.win32_1.5.0.202011040924/tools/bin/../lib/gcc/arm-none-eabi/7.3.1/../../../../arm-none-eabi/lib/thumb/v7e-m/fpv5/hard\libm.a
END GROUP
START GROUP
LOAD f:/stm32cubeide_1.3.0/stm32cubeide_1.5.0/stm32cubeide/plugins/com.st.stm32cube.ide.mcu.externaltools.gnu-tools-for-stm32.7-2018-q2-update.win32_1.5.0.202011040924/tools/bin/../lib/gcc/arm-none-eabi/7.3.1/thumb/v7e-m/fpv5/hard\libgcc.a
LOAD f:/stm32cubeide_1.3.0/stm32cubeide_1.5.0/stm32cubeide/plugins/com.st.stm32cube.ide.mcu.externaltools.gnu-tools-for-stm32.7-2018-q2-update.win32_1.5.0.202011040924/tools/bin/../lib/gcc/arm-none-eabi/7.3.1/../../../../arm-none-eabi/lib/thumb/v7e-m/fpv5/hard\libc_nano.a
END GROUP
START GROUP
LOAD f:/stm32cubeide_1.3.0/stm32cubeide_1.5.0/stm32cubeide/plugins/com.st.stm32cube.ide.mcu.externaltools.gnu-tools-for-stm32.7-2018-q2-update.win32_1.5.0.202011040924/tools/bin/../lib/gcc/arm-none-eabi/7.3.1/thumb/v7e-m/fpv5/hard\libgcc.a
LOAD f:/stm32cubeide_1.3.0/stm32cubeide_1.5.0/stm32cubeide/plugins/com.st.stm32cube.ide.mcu.externaltools.gnu-tools-for-stm32.7-2018-q2-update.win32_1.5.0.202011040924/tools/bin/../lib/gcc/arm-none-eabi/7.3.1/../../../../arm-none-eabi/lib/thumb/v7e-m/fpv5/hard\libc_nano.a
LOAD f:/stm32cubeide_1.3.0/stm32cubeide_1.5.0/stm32cubeide/plugins/com.st.stm32cube.ide.mcu.externaltools.gnu-tools-for-stm32.7-2018-q2-update.win32_1.5.0.202011040924/tools/bin/../lib/gcc/arm-none-eabi/7.3.1/../../../../arm-none-eabi/lib/thumb/v7e-m/fpv5/hard\libnosys.a
END GROUP
START GROUP
LOAD f:/stm32cubeide_1.3.0/stm32cubeide_1.5.0/stm32cubeide/plugins/com.st.stm32cube.ide.mcu.externaltools.gnu-tools-for-stm32.7-2018-q2-update.win32_1.5.0.202011040924/tools/bin/../lib/gcc/arm-none-eabi/7.3.1/thumb/v7e-m/fpv5/hard\libgcc.a
LOAD f:/stm32cubeide_1.3.0/stm32cubeide_1.5.0/stm32cubeide/plugins/com.st.stm32cube.ide.mcu.externaltools.gnu-tools-for-stm32.7-2018-q2-update.win32_1.5.0.202011040924/tools/bin/../lib/gcc/arm-none-eabi/7.3.1/../../../../arm-none-eabi/lib/thumb/v7e-m/fpv5/hard\libc_nano.a
LOAD f:/stm32cubeide_1.3.0/stm32cubeide_1.5.0/stm32cubeide/plugins/com.st.stm32cube.ide.mcu.externaltools.gnu-tools-for-stm32.7-2018-q2-update.win32_1.5.0.202011040924/tools/bin/../lib/gcc/arm-none-eabi/7.3.1/../../../../arm-none-eabi/lib/thumb/v7e-m/fpv5/hard\libnosys.a
END GROUP
LOAD f:/stm32cubeide_1.3.0/stm32cubeide_1.5.0/stm32cubeide/plugins/com.st.stm32cube.ide.mcu.externaltools.gnu-tools-for-stm32.7-2018-q2-update.win32_1.5.0.202011040924/tools/bin/../lib/gcc/arm-none-eabi/7.3.1/thumb/v7e-m/fpv5/hard/crtend.o
LOAD f:/stm32cubeide_1.3.0/stm32cubeide_1.5.0/stm32cubeide/plugins/com.st.stm32cube.ide.mcu.externaltools.gnu-tools-for-stm32.7-2018-q2-update.win32_1.5.0.202011040924/tools/bin/../lib/gcc/arm-none-eabi/7.3.1/thumb/v7e-m/fpv5/hard/crtn.o
                0x0000000020080000                _estack = (ORIGIN (RAM) + LENGTH (RAM))
                0x0000000000000200                _Min_Heap_Size = 0x200
                0x0000000000000400                _Min_Stack_Size = 0x400

.isr_vector     0x0000000008000000      0x1f8
                0x0000000008000000                . = ALIGN (0x4)
 *(.isr_vector)
 .isr_vector    0x0000000008000000      0x1f8 Core/Startup/startup_stm32f767zitx.o
                0x0000000008000000                g_pfnVectors
                0x00000000080001f8                . = ALIGN (0x4)

.text           0x00000000080001f8     0x467c
                0x00000000080001f8                . = ALIGN (0x4)
 *(.text)
 .text          0x00000000080001f8       0x40 f:/stm32cubeide_1.3.0/stm32cubeide_1.5.0/stm32cubeide/plugins/com.st.stm32cube.ide.mcu.externaltools.gnu-tools-for-stm32.7-2018-q2-update.win32_1.5.0.202011040924/tools/bin/../lib/gcc/arm-none-eabi/7.3.1/thumb/v7e-m/fpv5/hard/crtbegin.o
 .text          0x0000000008000238       0x30 f:/stm32cubeide_1.3.0/stm32cubeide_1.5.0/stm32cubeide/plugins/com.st.stm32cube.ide.mcu.externaltools.gnu-tools-for-stm32.7-2018-q2-update.win32_1.5.0.202011040924/tools/bin/../lib/gcc/arm-none-eabi/7.3.1/thumb/v7e-m/fpv5/hard\libgcc.a(_aeabi_uldivmod.o)
                0x0000000008000238                __aeabi_uldivmod
 .text          0x0000000008000268      0x2cc f:/stm32cubeide_1.3.0/stm32cubeide_1.5.0/stm32cubeide/plugins/com.st.stm32cube.ide.mcu.externaltools.gnu-tools-for-stm32.7-2018-q2-update.win32_1.5.0.202011040924/tools/bin/../lib/gcc/arm-none-eabi/7.3.1/thumb/v7e-m/fpv5/hard\libgcc.a(_udivmoddi4.o)
                0x0000000008000268                __udivmoddi4
 .text          0x0000000008000534        0x4 f:/stm32cubeide_1.3.0/stm32cubeide_1.5.0/stm32cubeide/plugins/com.st.stm32cube.ide.mcu.externaltools.gnu-tools-for-stm32.7-2018-q2-update.win32_1.5.0.202011040924/tools/bin/../lib/gcc/arm-none-eabi/7.3.1/thumb/v7e-m/fpv5/hard\libgcc.a(_dvmd_tls.o)
                0x0000000008000534                __aeabi_idiv0
                0x0000000008000534                __aeabi_ldiv0
 *(.text*)
 .text.getCode  0x0000000008000538       0x2c Core/Src/main.o
                0x0000000008000538                getCode
 .text.sendInfo
                0x0000000008000564      0x160 Core/Src/main.o
                0x0000000008000564                sendInfo
 .text.main     0x00000000080006c4      0x228 Core/Src/main.o
                0x00000000080006c4                main
 .text.SystemClock_Config
                0x00000000080008ec      0x130 Core/Src/main.o
                0x00000000080008ec                SystemClock_Config
 .text.MX_ETH_Init
                0x0000000008000a1c       0x90 Core/Src/main.o
 .text.MX_USART2_UART_Init
                0x0000000008000aac       0x60 Core/Src/main.o
 .text.MX_USART3_UART_Init
                0x0000000008000b0c       0x60 Core/Src/main.o
 .text.MX_USB_OTG_FS_PCD_Init
                0x0000000008000b6c       0x5c Core/Src/main.o
 .text.MX_GPIO_Init
                0x0000000008000bc8      0x144 Core/Src/main.o
 .text.Error_Handler
                0x0000000008000d0c        0x8 Core/Src/main.o
                0x0000000008000d0c                Error_Handler
 .text.HAL_MspInit
                0x0000000008000d14       0x48 Core/Src/stm32f7xx_hal_msp.o
                0x0000000008000d14                HAL_MspInit
 .text.HAL_ETH_MspInit
                0x0000000008000d5c      0x170 Core/Src/stm32f7xx_hal_msp.o
                0x0000000008000d5c                HAL_ETH_MspInit
 .text.HAL_UART_MspInit
                0x0000000008000ecc      0x124 Core/Src/stm32f7xx_hal_msp.o
                0x0000000008000ecc                HAL_UART_MspInit
 .text.HAL_PCD_MspInit
                0x0000000008000ff0       0xb8 Core/Src/stm32f7xx_hal_msp.o
                0x0000000008000ff0                HAL_PCD_MspInit
 .text.NMI_Handler
                0x00000000080010a8        0x6 Core/Src/stm32f7xx_it.o
                0x00000000080010a8                NMI_Handler
 .text.HardFault_Handler
                0x00000000080010ae        0x6 Core/Src/stm32f7xx_it.o
                0x00000000080010ae                HardFault_Handler
 .text.MemManage_Handler
                0x00000000080010b4        0x6 Core/Src/stm32f7xx_it.o
                0x00000000080010b4                MemManage_Handler
 .text.BusFault_Handler
                0x00000000080010ba        0x6 Core/Src/stm32f7xx_it.o
                0x00000000080010ba                BusFault_Handler
 .text.UsageFault_Handler
                0x00000000080010c0        0x6 Core/Src/stm32f7xx_it.o
                0x00000000080010c0                UsageFault_Handler
 .text.SVC_Handler
                0x00000000080010c6        0xe Core/Src/stm32f7xx_it.o
                0x00000000080010c6                SVC_Handler
 .text.DebugMon_Handler
                0x00000000080010d4        0xe Core/Src/stm32f7xx_it.o
                0x00000000080010d4                DebugMon_Handler
 .text.PendSV_Handler
                0x00000000080010e2        0xe Core/Src/stm32f7xx_it.o
                0x00000000080010e2                PendSV_Handler
 .text.SysTick_Handler
                0x00000000080010f0        0xc Core/Src/stm32f7xx_it.o
                0x00000000080010f0                SysTick_Handler
 .text.SystemInit
                0x00000000080010fc       0x2c Core/Src/system_stm32f7xx.o
                0x00000000080010fc                SystemInit
 .text.Reset_Handler
                0x0000000008001128       0x50 Core/Startup/startup_stm32f767zitx.o
                0x0000000008001128                Reset_Handler
 .text.Default_Handler
                0x0000000008001178        0x2 Core/Startup/startup_stm32f767zitx.o
                0x0000000008001178                RTC_Alarm_IRQHandler
                0x0000000008001178                EXTI2_IRQHandler
                0x0000000008001178                TIM8_CC_IRQHandler
                0x0000000008001178                UART8_IRQHandler
                0x0000000008001178                SPI4_IRQHandler
                0x0000000008001178                TIM1_CC_IRQHandler
                0x0000000008001178                DMA2_Stream5_IRQHandler
                0x0000000008001178                JPEG_IRQHandler
                0x0000000008001178                DMA1_Stream5_IRQHandler
                0x0000000008001178                CAN3_RX1_IRQHandler
                0x0000000008001178                PVD_IRQHandler
                0x0000000008001178                TAMP_STAMP_IRQHandler
                0x0000000008001178                CAN2_RX1_IRQHandler
                0x0000000008001178                EXTI3_IRQHandler
                0x0000000008001178                TIM8_TRG_COM_TIM14_IRQHandler
                0x0000000008001178                DFSDM1_FLT1_IRQHandler
                0x0000000008001178                TIM1_UP_TIM10_IRQHandler
                0x0000000008001178                TIM8_UP_TIM13_IRQHandler
                0x0000000008001178                I2C3_ER_IRQHandler
                0x0000000008001178                DFSDM1_FLT2_IRQHandler
                0x0000000008001178                EXTI0_IRQHandler
                0x0000000008001178                I2C2_EV_IRQHandler
                0x0000000008001178                DMA1_Stream2_IRQHandler
                0x0000000008001178                CAN1_RX0_IRQHandler
                0x0000000008001178                FPU_IRQHandler
                0x0000000008001178                OTG_HS_WKUP_IRQHandler
                0x0000000008001178                CAN3_SCE_IRQHandler
                0x0000000008001178                LTDC_ER_IRQHandler
                0x0000000008001178                CAN2_SCE_IRQHandler
                0x0000000008001178                DMA2_Stream2_IRQHandler
                0x0000000008001178                SPI1_IRQHandler
                0x0000000008001178                TIM6_DAC_IRQHandler
                0x0000000008001178                TIM1_BRK_TIM9_IRQHandler
                0x0000000008001178                DCMI_IRQHandler
                0x0000000008001178                CAN2_RX0_IRQHandler
                0x0000000008001178                DMA2_Stream3_IRQHandler
                0x0000000008001178                SAI2_IRQHandler
                0x0000000008001178                DFSDM1_FLT3_IRQHandler
                0x0000000008001178                USART6_IRQHandler
                0x0000000008001178                CAN3_RX0_IRQHandler
                0x0000000008001178                USART3_IRQHandler
                0x0000000008001178                CAN1_RX1_IRQHandler
                0x0000000008001178                UART5_IRQHandler
                0x0000000008001178                DMA2_Stream0_IRQHandler
                0x0000000008001178                TIM4_IRQHandler
                0x0000000008001178                QUADSPI_IRQHandler
                0x0000000008001178                I2C1_EV_IRQHandler
                0x0000000008001178                DMA1_Stream6_IRQHandler
                0x0000000008001178                DMA1_Stream1_IRQHandler
                0x0000000008001178                UART4_IRQHandler
                0x0000000008001178                TIM3_IRQHandler
                0x0000000008001178                RCC_IRQHandler
                0x0000000008001178                TIM8_BRK_TIM12_IRQHandler
                0x0000000008001178                Default_Handler
                0x0000000008001178                CEC_IRQHandler
                0x0000000008001178                EXTI15_10_IRQHandler
                0x0000000008001178                ADC_IRQHandler
                0x0000000008001178                DMA1_Stream7_IRQHandler
                0x0000000008001178                SPI5_IRQHandler
                0x0000000008001178                TIM7_IRQHandler
                0x0000000008001178                SDMMC1_IRQHandler
                0x0000000008001178                CAN2_TX_IRQHandler
                0x0000000008001178                TIM5_IRQHandler
                0x0000000008001178                DMA2_Stream7_IRQHandler
                0x0000000008001178                I2C3_EV_IRQHandler
                0x0000000008001178                EXTI9_5_IRQHandler
                0x0000000008001178                RTC_WKUP_IRQHandler
                0x0000000008001178                LTDC_IRQHandler
                0x0000000008001178                ETH_WKUP_IRQHandler
                0x0000000008001178                SPDIF_RX_IRQHandler
                0x0000000008001178                SPI2_IRQHandler
                0x0000000008001178                OTG_HS_EP1_IN_IRQHandler
                0x0000000008001178                DMA1_Stream0_IRQHandler
                0x0000000008001178                CAN1_TX_IRQHandler
                0x0000000008001178                EXTI4_IRQHandler
                0x0000000008001178                RNG_IRQHandler
                0x0000000008001178                ETH_IRQHandler
                0x0000000008001178                OTG_HS_EP1_OUT_IRQHandler
                0x0000000008001178                WWDG_IRQHandler
                0x0000000008001178                SPI6_IRQHandler
                0x0000000008001178                MDIOS_IRQHandler
                0x0000000008001178                I2C4_EV_IRQHandler
                0x0000000008001178                CAN3_TX_IRQHandler
                0x0000000008001178                TIM2_IRQHandler
                0x0000000008001178                OTG_FS_WKUP_IRQHandler
                0x0000000008001178                TIM1_TRG_COM_TIM11_IRQHandler
                0x0000000008001178                OTG_HS_IRQHandler
                0x0000000008001178                DMA2D_IRQHandler
                0x0000000008001178                EXTI1_IRQHandler
                0x0000000008001178                SDMMC2_IRQHandler
                0x0000000008001178                UART7_IRQHandler
                0x0000000008001178                USART2_IRQHandler
                0x0000000008001178                DFSDM1_FLT0_IRQHandler
                0x0000000008001178                I2C2_ER_IRQHandler
                0x0000000008001178                DMA2_Stream1_IRQHandler
                0x0000000008001178                CAN1_SCE_IRQHandler
                0x0000000008001178                FLASH_IRQHandler
                0x0000000008001178                DMA2_Stream4_IRQHandler
                0x0000000008001178                USART1_IRQHandler
                0x0000000008001178                OTG_FS_IRQHandler
                0x0000000008001178                SPI3_IRQHandler
                0x0000000008001178                DMA1_Stream4_IRQHandler
                0x0000000008001178                I2C1_ER_IRQHandler
                0x0000000008001178                FMC_IRQHandler
                0x0000000008001178                LPTIM1_IRQHandler
                0x0000000008001178                I2C4_ER_IRQHandler
                0x0000000008001178                DMA2_Stream6_IRQHandler
                0x0000000008001178                SAI1_IRQHandler
                0x0000000008001178                DMA1_Stream3_IRQHandler
 .text.HAL_Init
                0x000000000800117a       0x1a Drivers/STM32F7xx_HAL_Driver/Src/stm32f7xx_hal.o
                0x000000000800117a                HAL_Init
 .text.HAL_InitTick
                0x0000000008001194       0x60 Drivers/STM32F7xx_HAL_Driver/Src/stm32f7xx_hal.o
                0x0000000008001194                HAL_InitTick
 .text.HAL_IncTick
                0x00000000080011f4       0x28 Drivers/STM32F7xx_HAL_Driver/Src/stm32f7xx_hal.o
                0x00000000080011f4                HAL_IncTick
 .text.HAL_GetTick
                0x000000000800121c       0x18 Drivers/STM32F7xx_HAL_Driver/Src/stm32f7xx_hal.o
                0x000000000800121c                HAL_GetTick
 .text.HAL_Delay
                0x0000000008001234       0x44 Drivers/STM32F7xx_HAL_Driver/Src/stm32f7xx_hal.o
                0x0000000008001234                HAL_Delay
 .text.__NVIC_SetPriorityGrouping
                0x0000000008001278       0x48 Drivers/STM32F7xx_HAL_Driver/Src/stm32f7xx_hal_cortex.o
 .text.__NVIC_GetPriorityGrouping
                0x00000000080012c0       0x1c Drivers/STM32F7xx_HAL_Driver/Src/stm32f7xx_hal_cortex.o
 .text.__NVIC_SetPriority
                0x00000000080012dc       0x54 Drivers/STM32F7xx_HAL_Driver/Src/stm32f7xx_hal_cortex.o
 .text.NVIC_EncodePriority
                0x0000000008001330       0x66 Drivers/STM32F7xx_HAL_Driver/Src/stm32f7xx_hal_cortex.o
 *fill*         0x0000000008001396        0x2 
 .text.SysTick_Config
                0x0000000008001398       0x44 Drivers/STM32F7xx_HAL_Driver/Src/stm32f7xx_hal_cortex.o
 .text.HAL_NVIC_SetPriorityGrouping
                0x00000000080013dc       0x16 Drivers/STM32F7xx_HAL_Driver/Src/stm32f7xx_hal_cortex.o
                0x00000000080013dc                HAL_NVIC_SetPriorityGrouping
 .text.HAL_NVIC_SetPriority
                0x00000000080013f2       0x38 Drivers/STM32F7xx_HAL_Driver/Src/stm32f7xx_hal_cortex.o
                0x00000000080013f2                HAL_NVIC_SetPriority
 .text.HAL_SYSTICK_Config
                0x000000000800142a       0x18 Drivers/STM32F7xx_HAL_Driver/Src/stm32f7xx_hal_cortex.o
                0x000000000800142a                HAL_SYSTICK_Config
 *fill*         0x0000000008001442        0x2 
 .text.HAL_ETH_Init
                0x0000000008001444      0x338 Drivers/STM32F7xx_HAL_Driver/Src/stm32f7xx_hal_eth.o
                0x0000000008001444                HAL_ETH_Init
 .text.HAL_ETH_ReadPHYRegister
                0x000000000800177c       0xd0 Drivers/STM32F7xx_HAL_Driver/Src/stm32f7xx_hal_eth.o
                0x000000000800177c                HAL_ETH_ReadPHYRegister
 .text.HAL_ETH_WritePHYRegister
                0x000000000800184c       0xcc Drivers/STM32F7xx_HAL_Driver/Src/stm32f7xx_hal_eth.o
                0x000000000800184c                HAL_ETH_WritePHYRegister
 .text.ETH_MACDMAConfig
                0x0000000008001918      0x394 Drivers/STM32F7xx_HAL_Driver/Src/stm32f7xx_hal_eth.o
 .text.ETH_MACAddressConfig
                0x0000000008001cac       0x70 Drivers/STM32F7xx_HAL_Driver/Src/stm32f7xx_hal_eth.o
 .text.HAL_GPIO_Init
                0x0000000008001d1c      0x354 Drivers/STM32F7xx_HAL_Driver/Src/stm32f7xx_hal_gpio.o
                0x0000000008001d1c                HAL_GPIO_Init
 .text.HAL_GPIO_WritePin
                0x0000000008002070       0x32 Drivers/STM32F7xx_HAL_Driver/Src/stm32f7xx_hal_gpio.o
                0x0000000008002070                HAL_GPIO_WritePin
 .text.HAL_PCD_Init
                0x00000000080020a2      0x248 Drivers/STM32F7xx_HAL_Driver/Src/stm32f7xx_hal_pcd.o
                0x00000000080020a2                HAL_PCD_Init
 *fill*         0x00000000080022ea        0x2 
 .text.HAL_PCDEx_ActivateLPM
                0x00000000080022ec       0x48 Drivers/STM32F7xx_HAL_Driver/Src/stm32f7xx_hal_pcd_ex.o
                0x00000000080022ec                HAL_PCDEx_ActivateLPM
 .text.HAL_PWR_EnableBkUpAccess
                0x0000000008002334       0x20 Drivers/STM32F7xx_HAL_Driver/Src/stm32f7xx_hal_pwr.o
                0x0000000008002334                HAL_PWR_EnableBkUpAccess
 .text.HAL_PWREx_EnableOverDrive
                0x0000000008002354       0xa0 Drivers/STM32F7xx_HAL_Driver/Src/stm32f7xx_hal_pwr_ex.o
                0x0000000008002354                HAL_PWREx_EnableOverDrive
 .text.HAL_RCC_OscConfig
                0x00000000080023f4      0x55c Drivers/STM32F7xx_HAL_Driver/Src/stm32f7xx_hal_rcc.o
                0x00000000080023f4                HAL_RCC_OscConfig
 .text.HAL_RCC_ClockConfig
                0x0000000008002950      0x1d8 Drivers/STM32F7xx_HAL_Driver/Src/stm32f7xx_hal_rcc.o
                0x0000000008002950                HAL_RCC_ClockConfig
 .text.HAL_RCC_GetSysClockFreq
                0x0000000008002b28      0x1b0 Drivers/STM32F7xx_HAL_Driver/Src/stm32f7xx_hal_rcc.o
                0x0000000008002b28                HAL_RCC_GetSysClockFreq
 .text.HAL_RCC_GetHCLKFreq
                0x0000000008002cd8       0x18 Drivers/STM32F7xx_HAL_Driver/Src/stm32f7xx_hal_rcc.o
                0x0000000008002cd8                HAL_RCC_GetHCLKFreq
 .text.HAL_RCC_GetPCLK1Freq
                0x0000000008002cf0       0x28 Drivers/STM32F7xx_HAL_Driver/Src/stm32f7xx_hal_rcc.o
                0x0000000008002cf0                HAL_RCC_GetPCLK1Freq
 .text.HAL_RCC_GetPCLK2Freq
                0x0000000008002d18       0x28 Drivers/STM32F7xx_HAL_Driver/Src/stm32f7xx_hal_rcc.o
                0x0000000008002d18                HAL_RCC_GetPCLK2Freq
 .text.HAL_RCCEx_PeriphCLKConfig
                0x0000000008002d40      0x84c Drivers/STM32F7xx_HAL_Driver/Src/stm32f7xx_hal_rcc_ex.o
                0x0000000008002d40                HAL_RCCEx_PeriphCLKConfig
 .text.HAL_UART_Init
                0x000000000800358c       0x9c Drivers/STM32F7xx_HAL_Driver/Src/stm32f7xx_hal_uart.o
                0x000000000800358c                HAL_UART_Init
 .text.HAL_UART_Transmit
                0x0000000008003628      0x122 Drivers/STM32F7xx_HAL_Driver/Src/stm32f7xx_hal_uart.o
                0x0000000008003628                HAL_UART_Transmit
 .text.HAL_UART_Receive
                0x000000000800374a      0x198 Drivers/STM32F7xx_HAL_Driver/Src/stm32f7xx_hal_uart.o
                0x000000000800374a                HAL_UART_Receive
 *fill*         0x00000000080038e2        0x2 
 .text.HAL_UART_Transmit_IT
                0x00000000080038e4       0xb8 Drivers/STM32F7xx_HAL_Driver/Src/stm32f7xx_hal_uart.o
                0x00000000080038e4                HAL_UART_Transmit_IT
 .text.UART_SetConfig
                0x000000000800399c      0x554 Drivers/STM32F7xx_HAL_Driver/Src/stm32f7xx_hal_uart.o
                0x000000000800399c                UART_SetConfig
 .text.UART_AdvFeatureConfig
                0x0000000008003ef0      0x144 Drivers/STM32F7xx_HAL_Driver/Src/stm32f7xx_hal_uart.o
                0x0000000008003ef0                UART_AdvFeatureConfig
 .text.UART_CheckIdleState
                0x0000000008004034       0x8a Drivers/STM32F7xx_HAL_Driver/Src/stm32f7xx_hal_uart.o
                0x0000000008004034                UART_CheckIdleState
 .text.UART_WaitOnFlagUntilTimeout
                0x00000000080040be       0xf6 Drivers/STM32F7xx_HAL_Driver/Src/stm32f7xx_hal_uart.o
                0x00000000080040be                UART_WaitOnFlagUntilTimeout
 .text.UART_TxISR_8BIT
                0x00000000080041b4       0x72 Drivers/STM32F7xx_HAL_Driver/Src/stm32f7xx_hal_uart.o
 .text.UART_TxISR_16BIT
                0x0000000008004226       0x7c Drivers/STM32F7xx_HAL_Driver/Src/stm32f7xx_hal_uart.o
 *fill*         0x00000000080042a2        0x2 
 .text.USB_CoreInit
                0x00000000080042a4       0xb0 Drivers/STM32F7xx_HAL_Driver/Src/stm32f7xx_ll_usb.o
                0x00000000080042a4                USB_CoreInit
 .text.USB_DisableGlobalInt
                0x0000000008004354       0x22 Drivers/STM32F7xx_HAL_Driver/Src/stm32f7xx_ll_usb.o
                0x0000000008004354                USB_DisableGlobalInt
 .text.USB_SetCurrentMode
                0x0000000008004376       0x54 Drivers/STM32F7xx_HAL_Driver/Src/stm32f7xx_ll_usb.o
                0x0000000008004376                USB_SetCurrentMode
 *fill*         0x00000000080043ca        0x2 
 .text.USB_DevInit
                0x00000000080043cc      0x2dc Drivers/STM32F7xx_HAL_Driver/Src/stm32f7xx_ll_usb.o
                0x00000000080043cc                USB_DevInit
 .text.USB_FlushTxFifo
                0x00000000080046a8       0x4c Drivers/STM32F7xx_HAL_Driver/Src/stm32f7xx_ll_usb.o
                0x00000000080046a8                USB_FlushTxFifo
 .text.USB_FlushRxFifo
                0x00000000080046f4       0x44 Drivers/STM32F7xx_HAL_Driver/Src/stm32f7xx_ll_usb.o
                0x00000000080046f4                USB_FlushRxFifo
 .text.USB_SetDevSpeed
                0x0000000008004738       0x32 Drivers/STM32F7xx_HAL_Driver/Src/stm32f7xx_ll_usb.o
                0x0000000008004738                USB_SetDevSpeed
 .text.USB_DevDisconnect
                0x000000000800476a       0x30 Drivers/STM32F7xx_HAL_Driver/Src/stm32f7xx_ll_usb.o
                0x000000000800476a                USB_DevDisconnect
 *fill*         0x000000000800479a        0x2 
 .text.USB_CoreReset
                0x000000000800479c       0x68 Drivers/STM32F7xx_HAL_Driver/Src/stm32f7xx_ll_usb.o
 .text.__libc_init_array
                0x0000000008004804       0x48 f:/stm32cubeide_1.3.0/stm32cubeide_1.5.0/stm32cubeide/plugins/com.st.stm32cube.ide.mcu.externaltools.gnu-tools-for-stm32.7-2018-q2-update.win32_1.5.0.202011040924/tools/bin/../lib/gcc/arm-none-eabi/7.3.1/../../../../arm-none-eabi/lib/thumb/v7e-m/fpv5/hard\libc_nano.a(lib_a-init.o)
                0x0000000008004804                __libc_init_array
 .text.memset   0x000000000800484c       0x10 f:/stm32cubeide_1.3.0/stm32cubeide_1.5.0/stm32cubeide/plugins/com.st.stm32cube.ide.mcu.externaltools.gnu-tools-for-stm32.7-2018-q2-update.win32_1.5.0.202011040924/tools/bin/../lib/gcc/arm-none-eabi/7.3.1/../../../../arm-none-eabi/lib/thumb/v7e-m/fpv5/hard\libc_nano.a(lib_a-memset.o)
                0x000000000800484c                memset
 *(.glue_7)
 .glue_7        0x000000000800485c        0x0 linker stubs
 *(.glue_7t)
 .glue_7t       0x000000000800485c        0x0 linker stubs
 *(.eh_frame)
 .eh_frame      0x000000000800485c        0x0 f:/stm32cubeide_1.3.0/stm32cubeide_1.5.0/stm32cubeide/plugins/com.st.stm32cube.ide.mcu.externaltools.gnu-tools-for-stm32.7-2018-q2-update.win32_1.5.0.202011040924/tools/bin/../lib/gcc/arm-none-eabi/7.3.1/thumb/v7e-m/fpv5/hard/crtbegin.o
 *(.init)
 .init          0x000000000800485c        0x4 f:/stm32cubeide_1.3.0/stm32cubeide_1.5.0/stm32cubeide/plugins/com.st.stm32cube.ide.mcu.externaltools.gnu-tools-for-stm32.7-2018-q2-update.win32_1.5.0.202011040924/tools/bin/../lib/gcc/arm-none-eabi/7.3.1/thumb/v7e-m/fpv5/hard/crti.o
                0x000000000800485c                _init
 .init          0x0000000008004860        0x8 f:/stm32cubeide_1.3.0/stm32cubeide_1.5.0/stm32cubeide/plugins/com.st.stm32cube.ide.mcu.externaltools.gnu-tools-for-stm32.7-2018-q2-update.win32_1.5.0.202011040924/tools/bin/../lib/gcc/arm-none-eabi/7.3.1/thumb/v7e-m/fpv5/hard/crtn.o
 *(.fini)
 .fini          0x0000000008004868        0x4 f:/stm32cubeide_1.3.0/stm32cubeide_1.5.0/stm32cubeide/plugins/com.st.stm32cube.ide.mcu.externaltools.gnu-tools-for-stm32.7-2018-q2-update.win32_1.5.0.202011040924/tools/bin/../lib/gcc/arm-none-eabi/7.3.1/thumb/v7e-m/fpv5/hard/crti.o
                0x0000000008004868                _fini
 .fini          0x000000000800486c        0x8 f:/stm32cubeide_1.3.0/stm32cubeide_1.5.0/stm32cubeide/plugins/com.st.stm32cube.ide.mcu.externaltools.gnu-tools-for-stm32.7-2018-q2-update.win32_1.5.0.202011040924/tools/bin/../lib/gcc/arm-none-eabi/7.3.1/thumb/v7e-m/fpv5/hard/crtn.o
                0x0000000008004874                . = ALIGN (0x4)
                0x0000000008004874                _etext = .

.vfp11_veneer   0x0000000008004874        0x0
 .vfp11_veneer  0x0000000008004874        0x0 linker stubs

.v4_bx          0x0000000008004874        0x0
 .v4_bx         0x0000000008004874        0x0 linker stubs

.iplt           0x0000000008004874        0x0
 .iplt          0x0000000008004874        0x0 f:/stm32cubeide_1.3.0/stm32cubeide_1.5.0/stm32cubeide/plugins/com.st.stm32cube.ide.mcu.externaltools.gnu-tools-for-stm32.7-2018-q2-update.win32_1.5.0.202011040924/tools/bin/../lib/gcc/arm-none-eabi/7.3.1/thumb/v7e-m/fpv5/hard/crtbegin.o

.rodata         0x0000000008004874       0xd8
                0x0000000008004874                . = ALIGN (0x4)
 *(.rodata)
 .rodata        0x0000000008004874       0xbf Core/Src/main.o
 *(.rodata*)
 *fill*         0x0000000008004933        0x1 
 .rodata.AHBPrescTable
                0x0000000008004934       0x10 Core/Src/system_stm32f7xx.o
                0x0000000008004934                AHBPrescTable
 .rodata.APBPrescTable
                0x0000000008004944        0x8 Core/Src/system_stm32f7xx.o
                0x0000000008004944                APBPrescTable
                0x000000000800494c                . = ALIGN (0x4)

.ARM.extab      0x000000000800494c        0x0
                0x000000000800494c                . = ALIGN (0x4)
 *(.ARM.extab* .gnu.linkonce.armextab.*)
                0x000000000800494c                . = ALIGN (0x4)

.ARM            0x000000000800494c        0x8
                0x000000000800494c                . = ALIGN (0x4)
                0x000000000800494c                __exidx_start = .
 *(.ARM.exidx*)
 .ARM.exidx     0x000000000800494c        0x8 f:/stm32cubeide_1.3.0/stm32cubeide_1.5.0/stm32cubeide/plugins/com.st.stm32cube.ide.mcu.externaltools.gnu-tools-for-stm32.7-2018-q2-update.win32_1.5.0.202011040924/tools/bin/../lib/gcc/arm-none-eabi/7.3.1/thumb/v7e-m/fpv5/hard\libgcc.a(_udivmoddi4.o)
                0x0000000008004954                __exidx_end = .
                0x0000000008004954                . = ALIGN (0x4)

.rel.dyn        0x0000000008004954        0x0
 .rel.iplt      0x0000000008004954        0x0 f:/stm32cubeide_1.3.0/stm32cubeide_1.5.0/stm32cubeide/plugins/com.st.stm32cube.ide.mcu.externaltools.gnu-tools-for-stm32.7-2018-q2-update.win32_1.5.0.202011040924/tools/bin/../lib/gcc/arm-none-eabi/7.3.1/thumb/v7e-m/fpv5/hard/crtbegin.o

.preinit_array  0x0000000008004954        0x0
                0x0000000008004954                . = ALIGN (0x4)
                0x0000000008004954                PROVIDE (__preinit_array_start = .)
 *(.preinit_array*)
                0x0000000008004954                PROVIDE (__preinit_array_end = .)
                0x0000000008004954                . = ALIGN (0x4)

.init_array     0x0000000008004954        0x4
                0x0000000008004954                . = ALIGN (0x4)
                0x0000000008004954                PROVIDE (__init_array_start = .)
 *(SORT_BY_NAME(.init_array.*))
 *(.init_array*)
 .init_array    0x0000000008004954        0x4 f:/stm32cubeide_1.3.0/stm32cubeide_1.5.0/stm32cubeide/plugins/com.st.stm32cube.ide.mcu.externaltools.gnu-tools-for-stm32.7-2018-q2-update.win32_1.5.0.202011040924/tools/bin/../lib/gcc/arm-none-eabi/7.3.1/thumb/v7e-m/fpv5/hard/crtbegin.o
                0x0000000008004958                PROVIDE (__init_array_end = .)
                0x0000000008004958                . = ALIGN (0x4)

.fini_array     0x0000000008004958        0x4
                0x0000000008004958                . = ALIGN (0x4)
                [!provide]                        PROVIDE (__fini_array_start = .)
 *(SORT_BY_NAME(.fini_array.*))
 *(.fini_array*)
 .fini_array    0x0000000008004958        0x4 f:/stm32cubeide_1.3.0/stm32cubeide_1.5.0/stm32cubeide/plugins/com.st.stm32cube.ide.mcu.externaltools.gnu-tools-for-stm32.7-2018-q2-update.win32_1.5.0.202011040924/tools/bin/../lib/gcc/arm-none-eabi/7.3.1/thumb/v7e-m/fpv5/hard/crtbegin.o
                [!provide]                        PROVIDE (__fini_array_end = .)
                0x000000000800495c                . = ALIGN (0x4)
                0x000000000800495c                _sidata = LOADADDR (.data)

.data           0x0000000020000000        0xc load address 0x000000000800495c
                0x0000000020000000                . = ALIGN (0x4)
                0x0000000020000000                _sdata = .
 *(.data)
 *(.data*)
 .data.SystemCoreClock
                0x0000000020000000        0x4 Core/Src/system_stm32f7xx.o
                0x0000000020000000                SystemCoreClock
 .data.uwTickPrio
                0x0000000020000004        0x4 Drivers/STM32F7xx_HAL_Driver/Src/stm32f7xx_hal.o
                0x0000000020000004                uwTickPrio
 .data.uwTickFreq
                0x0000000020000008        0x1 Drivers/STM32F7xx_HAL_Driver/Src/stm32f7xx_hal.o
                0x0000000020000008                uwTickFreq
 *(.RamFunc)
 *(.RamFunc*)
                0x000000002000000c                . = ALIGN (0x4)
 *fill*         0x0000000020000009        0x3 
                0x000000002000000c                _edata = .

.igot.plt       0x000000002000000c        0x0 load address 0x0000000008004968
 .igot.plt      0x000000002000000c        0x0 f:/stm32cubeide_1.3.0/stm32cubeide_1.5.0/stm32cubeide/plugins/com.st.stm32cube.ide.mcu.externaltools.gnu-tools-for-stm32.7-2018-q2-update.win32_1.5.0.202011040924/tools/bin/../lib/gcc/arm-none-eabi/7.3.1/thumb/v7e-m/fpv5/hard/crtbegin.o
                0x000000002000000c                . = ALIGN (0x4)

.bss            0x000000002000000c      0x56c load address 0x0000000008004968
                0x000000002000000c                _sbss = .
                0x000000002000000c                __bss_start__ = _sbss
 *(.bss)
 .bss           0x000000002000000c       0x1c f:/stm32cubeide_1.3.0/stm32cubeide_1.5.0/stm32cubeide/plugins/com.st.stm32cube.ide.mcu.externaltools.gnu-tools-for-stm32.7-2018-q2-update.win32_1.5.0.202011040924/tools/bin/../lib/gcc/arm-none-eabi/7.3.1/thumb/v7e-m/fpv5/hard/crtbegin.o
 *(.bss*)
 *(COMMON)
 COMMON         0x0000000020000028      0x54c Core/Src/main.o
                0x0000000020000028                huart3
                0x00000000200000a8                hpcd_USB_OTG_FS
                0x00000000200004ac                huart2
                0x000000002000052c                heth
 COMMON         0x0000000020000574        0x4 Drivers/STM32F7xx_HAL_Driver/Src/stm32f7xx_hal.o
                0x0000000020000574                uwTick
                0x0000000020000578                . = ALIGN (0x4)
                0x0000000020000578                _ebss = .
                0x0000000020000578                __bss_end__ = _ebss

._user_heap_stack
                0x0000000020000578      0x600 load address 0x0000000008004968
                0x0000000020000578                . = ALIGN (0x8)
                [!provide]                        PROVIDE (end = .)
                0x0000000020000578                PROVIDE (_end = .)
                0x0000000020000778                . = (. + _Min_Heap_Size)
 *fill*         0x0000000020000578      0x200 
                0x0000000020000b78                . = (. + _Min_Stack_Size)
 *fill*         0x0000000020000778      0x400 
                0x0000000020000b78                . = ALIGN (0x8)

/DISCARD/
 libc.a(*)
 libm.a(*)
 libgcc.a(*)

.ARM.attributes
                0x0000000000000000       0x2e
 *(.ARM.attributes)
 .ARM.attributes
                0x0000000000000000       0x20 f:/stm32cubeide_1.3.0/stm32cubeide_1.5.0/stm32cubeide/plugins/com.st.stm32cube.ide.mcu.externaltools.gnu-tools-for-stm32.7-2018-q2-update.win32_1.5.0.202011040924/tools/bin/../lib/gcc/arm-none-eabi/7.3.1/thumb/v7e-m/fpv5/hard/crti.o
 .ARM.attributes
                0x0000000000000020       0x32 f:/stm32cubeide_1.3.0/stm32cubeide_1.5.0/stm32cubeide/plugins/com.st.stm32cube.ide.mcu.externaltools.gnu-tools-for-stm32.7-2018-q2-update.win32_1.5.0.202011040924/tools/bin/../lib/gcc/arm-none-eabi/7.3.1/thumb/v7e-m/fpv5/hard/crtbegin.o
 .ARM.attributes
                0x0000000000000052       0x37 Core/Src/main.o
 .ARM.attributes
                0x0000000000000089       0x37 Core/Src/stm32f7xx_hal_msp.o
 .ARM.attributes
                0x00000000000000c0       0x37 Core/Src/stm32f7xx_it.o
 .ARM.attributes
                0x00000000000000f7       0x37 Core/Src/system_stm32f7xx.o
 .ARM.attributes
                0x000000000000012e       0x21 Core/Startup/startup_stm32f767zitx.o
 .ARM.attributes
                0x000000000000014f       0x37 Drivers/STM32F7xx_HAL_Driver/Src/stm32f7xx_hal.o
 .ARM.attributes
                0x0000000000000186       0x37 Drivers/STM32F7xx_HAL_Driver/Src/stm32f7xx_hal_cortex.o
 .ARM.attributes
                0x00000000000001bd       0x37 Drivers/STM32F7xx_HAL_Driver/Src/stm32f7xx_hal_eth.o
 .ARM.attributes
                0x00000000000001f4       0x37 Drivers/STM32F7xx_HAL_Driver/Src/stm32f7xx_hal_gpio.o
 .ARM.attributes
                0x000000000000022b       0x37 Drivers/STM32F7xx_HAL_Driver/Src/stm32f7xx_hal_pcd.o
 .ARM.attributes
                0x0000000000000262       0x37 Drivers/STM32F7xx_HAL_Driver/Src/stm32f7xx_hal_pcd_ex.o
 .ARM.attributes
                0x0000000000000299       0x37 Drivers/STM32F7xx_HAL_Driver/Src/stm32f7xx_hal_pwr.o
 .ARM.attributes
                0x00000000000002d0       0x37 Drivers/STM32F7xx_HAL_Driver/Src/stm32f7xx_hal_pwr_ex.o
 .ARM.attributes
                0x0000000000000307       0x37 Drivers/STM32F7xx_HAL_Driver/Src/stm32f7xx_hal_rcc.o
 .ARM.attributes
                0x000000000000033e       0x37 Drivers/STM32F7xx_HAL_Driver/Src/stm32f7xx_hal_rcc_ex.o
 .ARM.attributes
                0x0000000000000375       0x37 Drivers/STM32F7xx_HAL_Driver/Src/stm32f7xx_hal_uart.o
 .ARM.attributes
                0x00000000000003ac       0x37 Drivers/STM32F7xx_HAL_Driver/Src/stm32f7xx_ll_usb.o
 .ARM.attributes
                0x00000000000003e3       0x32 f:/stm32cubeide_1.3.0/stm32cubeide_1.5.0/stm32cubeide/plugins/com.st.stm32cube.ide.mcu.externaltools.gnu-tools-for-stm32.7-2018-q2-update.win32_1.5.0.202011040924/tools/bin/../lib/gcc/arm-none-eabi/7.3.1/../../../../arm-none-eabi/lib/thumb/v7e-m/fpv5/hard\libc_nano.a(lib_a-init.o)
 .ARM.attributes
                0x0000000000000415       0x32 f:/stm32cubeide_1.3.0/stm32cubeide_1.5.0/stm32cubeide/plugins/com.st.stm32cube.ide.mcu.externaltools.gnu-tools-for-stm32.7-2018-q2-update.win32_1.5.0.202011040924/tools/bin/../lib/gcc/arm-none-eabi/7.3.1/../../../../arm-none-eabi/lib/thumb/v7e-m/fpv5/hard\libc_nano.a(lib_a-memset.o)
 .ARM.attributes
                0x0000000000000447       0x20 f:/stm32cubeide_1.3.0/stm32cubeide_1.5.0/stm32cubeide/plugins/com.st.stm32cube.ide.mcu.externaltools.gnu-tools-for-stm32.7-2018-q2-update.win32_1.5.0.202011040924/tools/bin/../lib/gcc/arm-none-eabi/7.3.1/thumb/v7e-m/fpv5/hard\libgcc.a(_aeabi_uldivmod.o)
 .ARM.attributes
                0x0000000000000467       0x32 f:/stm32cubeide_1.3.0/stm32cubeide_1.5.0/stm32cubeide/plugins/com.st.stm32cube.ide.mcu.externaltools.gnu-tools-for-stm32.7-2018-q2-update.win32_1.5.0.202011040924/tools/bin/../lib/gcc/arm-none-eabi/7.3.1/thumb/v7e-m/fpv5/hard\libgcc.a(_udivmoddi4.o)
 .ARM.attributes
                0x0000000000000499       0x20 f:/stm32cubeide_1.3.0/stm32cubeide_1.5.0/stm32cubeide/plugins/com.st.stm32cube.ide.mcu.externaltools.gnu-tools-for-stm32.7-2018-q2-update.win32_1.5.0.202011040924/tools/bin/../lib/gcc/arm-none-eabi/7.3.1/thumb/v7e-m/fpv5/hard\libgcc.a(_dvmd_tls.o)
 .ARM.attributes
                0x00000000000004b9       0x20 f:/stm32cubeide_1.3.0/stm32cubeide_1.5.0/stm32cubeide/plugins/com.st.stm32cube.ide.mcu.externaltools.gnu-tools-for-stm32.7-2018-q2-update.win32_1.5.0.202011040924/tools/bin/../lib/gcc/arm-none-eabi/7.3.1/thumb/v7e-m/fpv5/hard/crtn.o
OUTPUT(1.elf elf32-littlearm)

.debug_info     0x0000000000000000     0xe254
 .debug_info    0x0000000000000000     0x1c81 Core/Src/main.o
 .debug_info    0x0000000000001c81     0x16f2 Core/Src/stm32f7xx_hal_msp.o
 .debug_info    0x0000000000003373      0x20a Core/Src/stm32f7xx_it.o
 .debug_info    0x000000000000357d      0x73d Core/Src/system_stm32f7xx.o
 .debug_info    0x0000000000003cba       0x22 Core/Startup/startup_stm32f767zitx.o
 .debug_info    0x0000000000003cdc      0xa46 Drivers/STM32F7xx_HAL_Driver/Src/stm32f7xx_hal.o
 .debug_info    0x0000000000004722     0x108c Drivers/STM32F7xx_HAL_Driver/Src/stm32f7xx_hal_cortex.o
 .debug_info    0x00000000000057ae     0x14a9 Drivers/STM32F7xx_HAL_Driver/Src/stm32f7xx_hal_eth.o
 .debug_info    0x0000000000006c57      0x7e9 Drivers/STM32F7xx_HAL_Driver/Src/stm32f7xx_hal_gpio.o
 .debug_info    0x0000000000007440     0x1147 Drivers/STM32F7xx_HAL_Driver/Src/stm32f7xx_hal_pcd.o
 .debug_info    0x0000000000008587      0x810 Drivers/STM32F7xx_HAL_Driver/Src/stm32f7xx_hal_pcd_ex.o
 .debug_info    0x0000000000008d97      0x9b4 Drivers/STM32F7xx_HAL_Driver/Src/stm32f7xx_hal_pwr.o
 .debug_info    0x000000000000974b      0x96b Drivers/STM32F7xx_HAL_Driver/Src/stm32f7xx_hal_pwr_ex.o
 .debug_info    0x000000000000a0b6      0x996 Drivers/STM32F7xx_HAL_Driver/Src/stm32f7xx_hal_rcc.o
 .debug_info    0x000000000000aa4c      0x7d1 Drivers/STM32F7xx_HAL_Driver/Src/stm32f7xx_hal_rcc_ex.o
 .debug_info    0x000000000000b21d     0x16f7 Drivers/STM32F7xx_HAL_Driver/Src/stm32f7xx_hal_uart.o
 .debug_info    0x000000000000c914     0x1940 Drivers/STM32F7xx_HAL_Driver/Src/stm32f7xx_ll_usb.o

.debug_abbrev   0x0000000000000000     0x1fb6
 .debug_abbrev  0x0000000000000000      0x2ba Core/Src/main.o
 .debug_abbrev  0x00000000000002ba      0x216 Core/Src/stm32f7xx_hal_msp.o
 .debug_abbrev  0x00000000000004d0       0xc6 Core/Src/stm32f7xx_it.o
 .debug_abbrev  0x0000000000000596      0x147 Core/Src/system_stm32f7xx.o
 .debug_abbrev  0x00000000000006dd       0x12 Core/Startup/startup_stm32f767zitx.o
 .debug_abbrev  0x00000000000006ef      0x1c7 Drivers/STM32F7xx_HAL_Driver/Src/stm32f7xx_hal.o
 .debug_abbrev  0x00000000000008b6      0x2fa Drivers/STM32F7xx_HAL_Driver/Src/stm32f7xx_hal_cortex.o
 .debug_abbrev  0x0000000000000bb0      0x23e Drivers/STM32F7xx_HAL_Driver/Src/stm32f7xx_hal_eth.o
 .debug_abbrev  0x0000000000000dee      0x1c9 Drivers/STM32F7xx_HAL_Driver/Src/stm32f7xx_hal_gpio.o
 .debug_abbrev  0x0000000000000fb7      0x266 Drivers/STM32F7xx_HAL_Driver/Src/stm32f7xx_hal_pcd.o
 .debug_abbrev  0x000000000000121d      0x1c0 Drivers/STM32F7xx_HAL_Driver/Src/stm32f7xx_hal_pcd_ex.o
 .debug_abbrev  0x00000000000013dd      0x1b6 Drivers/STM32F7xx_HAL_Driver/Src/stm32f7xx_hal_pwr.o
 .debug_abbrev  0x0000000000001593      0x1b8 Drivers/STM32F7xx_HAL_Driver/Src/stm32f7xx_hal_pwr_ex.o
 .debug_abbrev  0x000000000000174b      0x268 Drivers/STM32F7xx_HAL_Driver/Src/stm32f7xx_hal_rcc.o
 .debug_abbrev  0x00000000000019b3      0x1ad Drivers/STM32F7xx_HAL_Driver/Src/stm32f7xx_hal_rcc_ex.o
 .debug_abbrev  0x0000000000001b60      0x205 Drivers/STM32F7xx_HAL_Driver/Src/stm32f7xx_hal_uart.o
 .debug_abbrev  0x0000000000001d65      0x251 Drivers/STM32F7xx_HAL_Driver/Src/stm32f7xx_ll_usb.o

.debug_aranges  0x0000000000000000      0xc28
 .debug_aranges
                0x0000000000000000       0x78 Core/Src/main.o
 .debug_aranges
                0x0000000000000078       0x50 Core/Src/stm32f7xx_hal_msp.o
 .debug_aranges
                0x00000000000000c8       0x60 Core/Src/stm32f7xx_it.o
 .debug_aranges
                0x0000000000000128       0x28 Core/Src/system_stm32f7xx.o
 .debug_aranges
                0x0000000000000150       0x28 Core/Startup/startup_stm32f767zitx.o
 .debug_aranges
                0x0000000000000178      0x110 Drivers/STM32F7xx_HAL_Driver/Src/stm32f7xx_hal.o
 .debug_aranges
                0x0000000000000288      0x118 Drivers/STM32F7xx_HAL_Driver/Src/stm32f7xx_hal_cortex.o
 .debug_aranges
                0x00000000000003a0      0x110 Drivers/STM32F7xx_HAL_Driver/Src/stm32f7xx_hal_eth.o
 .debug_aranges
                0x00000000000004b0       0x58 Drivers/STM32F7xx_HAL_Driver/Src/stm32f7xx_hal_gpio.o
 .debug_aranges
                0x0000000000000508      0x130 Drivers/STM32F7xx_HAL_Driver/Src/stm32f7xx_hal_pcd.o
 .debug_aranges
                0x0000000000000638       0x48 Drivers/STM32F7xx_HAL_Driver/Src/stm32f7xx_hal_pcd_ex.o
 .debug_aranges
                0x0000000000000680       0xa0 Drivers/STM32F7xx_HAL_Driver/Src/stm32f7xx_hal_pwr.o
 .debug_aranges
                0x0000000000000720       0x80 Drivers/STM32F7xx_HAL_Driver/Src/stm32f7xx_hal_pwr_ex.o
 .debug_aranges
                0x00000000000007a0       0x88 Drivers/STM32F7xx_HAL_Driver/Src/stm32f7xx_hal_rcc.o
 .debug_aranges
                0x0000000000000828       0x50 Drivers/STM32F7xx_HAL_Driver/Src/stm32f7xx_hal_rcc_ex.o
 .debug_aranges
                0x0000000000000878      0x218 Drivers/STM32F7xx_HAL_Driver/Src/stm32f7xx_hal_uart.o
 .debug_aranges
                0x0000000000000a90      0x198 Drivers/STM32F7xx_HAL_Driver/Src/stm32f7xx_ll_usb.o

.debug_ranges   0x0000000000000000      0xb20
 .debug_ranges  0x0000000000000000       0x68 Core/Src/main.o
 .debug_ranges  0x0000000000000068       0x40 Core/Src/stm32f7xx_hal_msp.o
 .debug_ranges  0x00000000000000a8       0x50 Core/Src/stm32f7xx_it.o
 .debug_ranges  0x00000000000000f8       0x18 Core/Src/system_stm32f7xx.o
 .debug_ranges  0x0000000000000110       0x20 Core/Startup/startup_stm32f767zitx.o
 .debug_ranges  0x0000000000000130      0x100 Drivers/STM32F7xx_HAL_Driver/Src/stm32f7xx_hal.o
 .debug_ranges  0x0000000000000230      0x108 Drivers/STM32F7xx_HAL_Driver/Src/stm32f7xx_hal_cortex.o
 .debug_ranges  0x0000000000000338      0x100 Drivers/STM32F7xx_HAL_Driver/Src/stm32f7xx_hal_eth.o
 .debug_ranges  0x0000000000000438       0x48 Drivers/STM32F7xx_HAL_Driver/Src/stm32f7xx_hal_gpio.o
 .debug_ranges  0x0000000000000480      0x120 Drivers/STM32F7xx_HAL_Driver/Src/stm32f7xx_hal_pcd.o
 .debug_ranges  0x00000000000005a0       0x38 Drivers/STM32F7xx_HAL_Driver/Src/stm32f7xx_hal_pcd_ex.o
 .debug_ranges  0x00000000000005d8       0x90 Drivers/STM32F7xx_HAL_Driver/Src/stm32f7xx_hal_pwr.o
 .debug_ranges  0x0000000000000668       0x70 Drivers/STM32F7xx_HAL_Driver/Src/stm32f7xx_hal_pwr_ex.o
 .debug_ranges  0x00000000000006d8       0x78 Drivers/STM32F7xx_HAL_Driver/Src/stm32f7xx_hal_rcc.o
 .debug_ranges  0x0000000000000750       0x40 Drivers/STM32F7xx_HAL_Driver/Src/stm32f7xx_hal_rcc_ex.o
 .debug_ranges  0x0000000000000790      0x208 Drivers/STM32F7xx_HAL_Driver/Src/stm32f7xx_hal_uart.o
 .debug_ranges  0x0000000000000998      0x188 Drivers/STM32F7xx_HAL_Driver/Src/stm32f7xx_ll_usb.o

.debug_macro    0x0000000000000000    0x27974
 .debug_macro   0x0000000000000000      0x20c Core/Src/main.o
 .debug_macro   0x000000000000020c      0xa66 Core/Src/main.o
 .debug_macro   0x0000000000000c72      0x2a7 Core/Src/main.o
 .debug_macro   0x0000000000000f19       0x2e Core/Src/main.o
 .debug_macro   0x0000000000000f47       0x3b Core/Src/main.o
 .debug_macro   0x0000000000000f82       0x22 Core/Src/main.o
 .debug_macro   0x0000000000000fa4       0x8e Core/Src/main.o
 .debug_macro   0x0000000000001032       0x51 Core/Src/main.o
 .debug_macro   0x0000000000001083       0xef Core/Src/main.o
 .debug_macro   0x0000000000001172       0x6a Core/Src/main.o
 .debug_macro   0x00000000000011dc      0x1df Core/Src/main.o
 .debug_macro   0x00000000000013bb       0x1c Core/Src/main.o
 .debug_macro   0x00000000000013d7       0x22 Core/Src/main.o
 .debug_macro   0x00000000000013f9       0xdf Core/Src/main.o
 .debug_macro   0x00000000000014d8     0x12cd Core/Src/main.o
 .debug_macro   0x00000000000027a5      0x11f Core/Src/main.o
 .debug_macro   0x00000000000028c4       0x19 Core/Src/main.o
 .debug_macro   0x00000000000028dd    0x1a9b4 Core/Src/main.o
 .debug_macro   0x000000000001d291       0x43 Core/Src/main.o
 .debug_macro   0x000000000001d2d4     0x36b4 Core/Src/main.o
 .debug_macro   0x0000000000020988      0x174 Core/Src/main.o
 .debug_macro   0x0000000000020afc       0x61 Core/Src/main.o
 .debug_macro   0x0000000000020b5d     0x1add Core/Src/main.o
 .debug_macro   0x000000000002263a      0x6c4 Core/Src/main.o
 .debug_macro   0x0000000000022cfe      0x18b Core/Src/main.o
 .debug_macro   0x0000000000022e89      0x117 Core/Src/main.o
 .debug_macro   0x0000000000022fa0      0x26f Core/Src/main.o
 .debug_macro   0x000000000002320f       0x27 Core/Src/main.o
 .debug_macro   0x0000000000023236      0x24f Core/Src/main.o
 .debug_macro   0x0000000000023485       0x71 Core/Src/main.o
 .debug_macro   0x00000000000234f6       0x58 Core/Src/main.o
 .debug_macro   0x000000000002354e      0x236 Core/Src/main.o
 .debug_macro   0x0000000000023784      0xccf Core/Src/main.o
 .debug_macro   0x0000000000024453      0x14f Core/Src/main.o
 .debug_macro   0x00000000000245a2      0x3dc Core/Src/main.o
 .debug_macro   0x000000000002497e       0x12 Core/Src/main.o
 .debug_macro   0x0000000000024990      0x22c Core/Src/main.o
 .debug_macro   0x0000000000024bbc       0x61 Core/Src/main.o
 .debug_macro   0x0000000000024c1d       0xa5 Core/Src/main.o
 .debug_macro   0x0000000000024cc2      0x12f Core/Src/main.o
 .debug_macro   0x0000000000024df1      0x108 Core/Src/main.o
 .debug_macro   0x0000000000024ef9       0x35 Core/Src/main.o
 .debug_macro   0x0000000000024f2e      0x589 Core/Src/main.o
 .debug_macro   0x00000000000254b7       0x44 Core/Src/main.o
 .debug_macro   0x00000000000254fb      0x233 Core/Src/main.o
 .debug_macro   0x000000000002572e       0xba Core/Src/main.o
 .debug_macro   0x00000000000257e8      0x15c Core/Src/main.o
 .debug_macro   0x0000000000025944      0x13c Core/Src/main.o
 .debug_macro   0x0000000000025a80      0x20c Core/Src/stm32f7xx_hal_msp.o
 .debug_macro   0x0000000000025c8c      0x216 Core/Src/stm32f7xx_it.o
 .debug_macro   0x0000000000025ea2      0x203 Core/Src/system_stm32f7xx.o
 .debug_macro   0x00000000000260a5      0x221 Drivers/STM32F7xx_HAL_Driver/Src/stm32f7xx_hal.o
 .debug_macro   0x00000000000262c6      0x1fd Drivers/STM32F7xx_HAL_Driver/Src/stm32f7xx_hal_cortex.o
 .debug_macro   0x00000000000264c3      0x213 Drivers/STM32F7xx_HAL_Driver/Src/stm32f7xx_hal_eth.o
 .debug_macro   0x00000000000266d6      0x233 Drivers/STM32F7xx_HAL_Driver/Src/stm32f7xx_hal_gpio.o
 .debug_macro   0x0000000000026909      0x209 Drivers/STM32F7xx_HAL_Driver/Src/stm32f7xx_hal_pcd.o
 .debug_macro   0x0000000000026b12      0x1fd Drivers/STM32F7xx_HAL_Driver/Src/stm32f7xx_hal_pcd_ex.o
 .debug_macro   0x0000000000026d0f      0x21b Drivers/STM32F7xx_HAL_Driver/Src/stm32f7xx_hal_pwr.o
 .debug_macro   0x0000000000026f2a      0x215 Drivers/STM32F7xx_HAL_Driver/Src/stm32f7xx_hal_pwr_ex.o
 .debug_macro   0x000000000002713f      0x221 Drivers/STM32F7xx_HAL_Driver/Src/stm32f7xx_hal_rcc.o
 .debug_macro   0x0000000000027360      0x1fd Drivers/STM32F7xx_HAL_Driver/Src/stm32f7xx_hal_rcc_ex.o
 .debug_macro   0x000000000002755d      0x21a Drivers/STM32F7xx_HAL_Driver/Src/stm32f7xx_hal_uart.o
 .debug_macro   0x0000000000027777      0x1fd Drivers/STM32F7xx_HAL_Driver/Src/stm32f7xx_ll_usb.o

.debug_line     0x0000000000000000     0xab48
 .debug_line    0x0000000000000000      0x94c Core/Src/main.o
 .debug_line    0x000000000000094c      0x858 Core/Src/stm32f7xx_hal_msp.o
 .debug_line    0x00000000000011a4      0x830 Core/Src/stm32f7xx_it.o
 .debug_line    0x00000000000019d4      0x7a1 Core/Src/system_stm32f7xx.o
 .debug_line    0x0000000000002175       0x85 Core/Startup/startup_stm32f767zitx.o
 .debug_line    0x00000000000021fa      0x9d4 Drivers/STM32F7xx_HAL_Driver/Src/stm32f7xx_hal.o
 .debug_line    0x0000000000002bce      0xab1 Drivers/STM32F7xx_HAL_Driver/Src/stm32f7xx_hal_cortex.o
 .debug_line    0x000000000000367f      0xe5e Drivers/STM32F7xx_HAL_Driver/Src/stm32f7xx_hal_eth.o
 .debug_line    0x00000000000044dd      0x995 Drivers/STM32F7xx_HAL_Driver/Src/stm32f7xx_hal_gpio.o
 .debug_line    0x0000000000004e72      0xd05 Drivers/STM32F7xx_HAL_Driver/Src/stm32f7xx_hal_pcd.o
 .debug_line    0x0000000000005b77      0x813 Drivers/STM32F7xx_HAL_Driver/Src/stm32f7xx_hal_pcd_ex.o
 .debug_line    0x000000000000638a      0x8f5 Drivers/STM32F7xx_HAL_Driver/Src/stm32f7xx_hal_pwr.o
 .debug_line    0x0000000000006c7f      0x8d1 Drivers/STM32F7xx_HAL_Driver/Src/stm32f7xx_hal_pwr_ex.o
 .debug_line    0x0000000000007550      0xa3a Drivers/STM32F7xx_HAL_Driver/Src/stm32f7xx_hal_rcc.o
 .debug_line    0x0000000000007f8a      0x9b1 Drivers/STM32F7xx_HAL_Driver/Src/stm32f7xx_hal_rcc_ex.o
 .debug_line    0x000000000000893b     0x1354 Drivers/STM32F7xx_HAL_Driver/Src/stm32f7xx_hal_uart.o
 .debug_line    0x0000000000009c8f      0xeb9 Drivers/STM32F7xx_HAL_Driver/Src/stm32f7xx_ll_usb.o

.debug_str      0x0000000000000000    0xf86f9
 .debug_str     0x0000000000000000    0xf4f6b Core/Src/main.o
                                      0xf5711 (size before relaxing)
 .debug_str     0x00000000000f4f6b       0x9f Core/Src/stm32f7xx_hal_msp.o
                                      0xf5246 (size before relaxing)
 .debug_str     0x00000000000f500a       0xbd Core/Src/stm32f7xx_it.o
                                      0xf44fe (size before relaxing)
 .debug_str     0x00000000000f50c7      0x179 Core/Src/system_stm32f7xx.o
                                      0xf41f5 (size before relaxing)
 .debug_str     0x00000000000f5240       0x36 Core/Startup/startup_stm32f767zitx.o
                                         0x6d (size before relaxing)
 .debug_str     0x00000000000f5276      0x9f1 Drivers/STM32F7xx_HAL_Driver/Src/stm32f7xx_hal.o
                                      0xf4b7e (size before relaxing)
 .debug_str     0x00000000000f5c67      0x38a Drivers/STM32F7xx_HAL_Driver/Src/stm32f7xx_hal_cortex.o
                                      0xf4bea (size before relaxing)
 .debug_str     0x00000000000f5ff1      0x74e Drivers/STM32F7xx_HAL_Driver/Src/stm32f7xx_hal_eth.o
                                      0xf4d01 (size before relaxing)
 .debug_str     0x00000000000f673f      0x244 Drivers/STM32F7xx_HAL_Driver/Src/stm32f7xx_hal_gpio.o
                                      0xf43cb (size before relaxing)
 .debug_str     0x00000000000f6983      0x530 Drivers/STM32F7xx_HAL_Driver/Src/stm32f7xx_hal_pcd.o
                                      0xf48da (size before relaxing)
 .debug_str     0x00000000000f6eb3      0x16d Drivers/STM32F7xx_HAL_Driver/Src/stm32f7xx_hal_pcd_ex.o
                                      0xf4502 (size before relaxing)
 .debug_str     0x00000000000f7020      0x2c5 Drivers/STM32F7xx_HAL_Driver/Src/stm32f7xx_hal_pwr.o
                                      0xf44ad (size before relaxing)
 .debug_str     0x00000000000f72e5      0x1b5 Drivers/STM32F7xx_HAL_Driver/Src/stm32f7xx_hal_pwr_ex.o
                                      0xf446f (size before relaxing)
 .debug_str     0x00000000000f749a      0x286 Drivers/STM32F7xx_HAL_Driver/Src/stm32f7xx_hal_rcc.o
                                      0xf4529 (size before relaxing)
 .debug_str     0x00000000000f7720      0x161 Drivers/STM32F7xx_HAL_Driver/Src/stm32f7xx_hal_rcc_ex.o
                                      0xf44de (size before relaxing)
 .debug_str     0x00000000000f7881      0x7fe Drivers/STM32F7xx_HAL_Driver/Src/stm32f7xx_hal_uart.o
                                      0xf4d6e (size before relaxing)
 .debug_str     0x00000000000f807f      0x67a Drivers/STM32F7xx_HAL_Driver/Src/stm32f7xx_ll_usb.o
                                      0xf4a26 (size before relaxing)

.comment        0x0000000000000000       0x7b
 .comment       0x0000000000000000       0x7b Core/Src/main.o
                                         0x7c (size before relaxing)
 .comment       0x000000000000007b       0x7c Core/Src/stm32f7xx_hal_msp.o
 .comment       0x000000000000007b       0x7c Core/Src/stm32f7xx_it.o
 .comment       0x000000000000007b       0x7c Core/Src/system_stm32f7xx.o
 .comment       0x000000000000007b       0x7c Drivers/STM32F7xx_HAL_Driver/Src/stm32f7xx_hal.o
 .comment       0x000000000000007b       0x7c Drivers/STM32F7xx_HAL_Driver/Src/stm32f7xx_hal_cortex.o
 .comment       0x000000000000007b       0x7c Drivers/STM32F7xx_HAL_Driver/Src/stm32f7xx_hal_eth.o
 .comment       0x000000000000007b       0x7c Drivers/STM32F7xx_HAL_Driver/Src/stm32f7xx_hal_gpio.o
 .comment       0x000000000000007b       0x7c Drivers/STM32F7xx_HAL_Driver/Src/stm32f7xx_hal_pcd.o
 .comment       0x000000000000007b       0x7c Drivers/STM32F7xx_HAL_Driver/Src/stm32f7xx_hal_pcd_ex.o
 .comment       0x000000000000007b       0x7c Drivers/STM32F7xx_HAL_Driver/Src/stm32f7xx_hal_pwr.o
 .comment       0x000000000000007b       0x7c Drivers/STM32F7xx_HAL_Driver/Src/stm32f7xx_hal_pwr_ex.o
 .comment       0x000000000000007b       0x7c Drivers/STM32F7xx_HAL_Driver/Src/stm32f7xx_hal_rcc.o
 .comment       0x000000000000007b       0x7c Drivers/STM32F7xx_HAL_Driver/Src/stm32f7xx_hal_rcc_ex.o
 .comment       0x000000000000007b       0x7c Drivers/STM32F7xx_HAL_Driver/Src/stm32f7xx_hal_uart.o
 .comment       0x000000000000007b       0x7c Drivers/STM32F7xx_HAL_Driver/Src/stm32f7xx_ll_usb.o

.debug_frame    0x0000000000000000     0x31d8
 .debug_frame   0x0000000000000000      0x198 Core/Src/main.o
 .debug_frame   0x0000000000000198      0x110 Core/Src/stm32f7xx_hal_msp.o
 .debug_frame   0x00000000000002a8      0x104 Core/Src/stm32f7xx_it.o
 .debug_frame   0x00000000000003ac       0x58 Core/Src/system_stm32f7xx.o
 .debug_frame   0x0000000000000404      0x3f4 Drivers/STM32F7xx_HAL_Driver/Src/stm32f7xx_hal.o
 .debug_frame   0x00000000000007f8      0x498 Drivers/STM32F7xx_HAL_Driver/Src/stm32f7xx_hal_cortex.o
 .debug_frame   0x0000000000000c90      0x4b4 Drivers/STM32F7xx_HAL_Driver/Src/stm32f7xx_hal_eth.o
 .debug_frame   0x0000000000001144      0x14c Drivers/STM32F7xx_HAL_Driver/Src/stm32f7xx_hal_gpio.o
 .debug_frame   0x0000000000001290      0x54c Drivers/STM32F7xx_HAL_Driver/Src/stm32f7xx_hal_pcd.o
 .debug_frame   0x00000000000017dc      0x100 Drivers/STM32F7xx_HAL_Driver/Src/stm32f7xx_hal_pcd_ex.o
 .debug_frame   0x00000000000018dc      0x254 Drivers/STM32F7xx_HAL_Driver/Src/stm32f7xx_hal_pwr.o
 .debug_frame   0x0000000000001b30      0x1c8 Drivers/STM32F7xx_HAL_Driver/Src/stm32f7xx_hal_pwr_ex.o
 .debug_frame   0x0000000000001cf8      0x1f4 Drivers/STM32F7xx_HAL_Driver/Src/stm32f7xx_hal_rcc.o
 .debug_frame   0x0000000000001eec      0x118 Drivers/STM32F7xx_HAL_Driver/Src/stm32f7xx_hal_rcc_ex.o
 .debug_frame   0x0000000000002004      0x998 Drivers/STM32F7xx_HAL_Driver/Src/stm32f7xx_hal_uart.o
 .debug_frame   0x000000000000299c      0x790 Drivers/STM32F7xx_HAL_Driver/Src/stm32f7xx_ll_usb.o
 .debug_frame   0x000000000000312c       0x2c f:/stm32cubeide_1.3.0/stm32cubeide_1.5.0/stm32cubeide/plugins/com.st.stm32cube.ide.mcu.externaltools.gnu-tools-for-stm32.7-2018-q2-update.win32_1.5.0.202011040924/tools/bin/../lib/gcc/arm-none-eabi/7.3.1/../../../../arm-none-eabi/lib/thumb/v7e-m/fpv5/hard\libc_nano.a(lib_a-init.o)
 .debug_frame   0x0000000000003158       0x20 f:/stm32cubeide_1.3.0/stm32cubeide_1.5.0/stm32cubeide/plugins/com.st.stm32cube.ide.mcu.externaltools.gnu-tools-for-stm32.7-2018-q2-update.win32_1.5.0.202011040924/tools/bin/../lib/gcc/arm-none-eabi/7.3.1/../../../../arm-none-eabi/lib/thumb/v7e-m/fpv5/hard\libc_nano.a(lib_a-memset.o)
 .debug_frame   0x0000000000003178       0x2c f:/stm32cubeide_1.3.0/stm32cubeide_1.5.0/stm32cubeide/plugins/com.st.stm32cube.ide.mcu.externaltools.gnu-tools-for-stm32.7-2018-q2-update.win32_1.5.0.202011040924/tools/bin/../lib/gcc/arm-none-eabi/7.3.1/thumb/v7e-m/fpv5/hard\libgcc.a(_aeabi_uldivmod.o)
 .debug_frame   0x00000000000031a4       0x34 f:/stm32cubeide_1.3.0/stm32cubeide_1.5.0/stm32cubeide/plugins/com.st.stm32cube.ide.mcu.externaltools.gnu-tools-for-stm32.7-2018-q2-update.win32_1.5.0.202011040924/tools/bin/../lib/gcc/arm-none-eabi/7.3.1/thumb/v7e-m/fpv5/hard\libgcc.a(_udivmoddi4.o)
